---
source: tests/cli_snapshots.rs
assertion_line: 213
expression: "run(&[\"accounts\", \"list\", \"--all\"])"
---
╭─────────────────┬───────────────────┬──────────┬───────────────────────┬───────╮
│ id              ┆ name              ┆ balance  ┆ latest_balance_update ┆ live  │
╞═════════════════╪═══════════════════╪══════════╪═══════════════════════╪═══════╡
│ acct_checking   ┆ Daily Checking    ┆ $1234.50 ┆ 1760000000000         ┆ true  │
├╌╌╌╌╌╌╌╌╌╌╌╌╌╌╌╌╌┼╌╌╌╌╌╌╌╌╌╌╌╌╌╌╌╌╌╌╌┼╌╌╌╌╌╌╌╌╌╌┼╌╌╌╌╌╌╌╌╌╌╌╌╌╌╌╌╌╌╌╌╌╌╌┼╌╌╌╌╌╌╌┤
│ acct_stale_card ┆ Stale Credit Card ┆ -$987.65 ┆ 1700000000000         ┆ true  │
├╌╌╌╌╌╌╌╌╌╌╌╌╌╌╌╌╌┼╌╌╌╌╌╌╌╌╌╌╌╌╌╌╌╌╌╌╌┼╌╌╌╌╌╌╌╌╌╌┼╌╌╌╌╌╌╌╌╌╌╌╌╌╌╌╌╌╌╌╌╌╌╌┼╌╌╌╌╌╌╌┤
│ acct_manual     ┆ Manual Savings    ┆ $250.00  ┆                       ┆ false │
├╌╌╌╌╌╌╌╌╌╌╌╌╌╌╌╌╌┼╌╌╌╌╌╌╌╌╌╌╌╌╌╌╌╌╌╌╌┼╌╌╌╌╌╌╌╌╌╌┼╌╌╌╌╌╌╌╌╌╌╌╌╌╌╌╌╌╌╌╌╌╌╌┼╌╌╌╌╌╌╌┤
│ acct_closed     ┆ Closed Account    ┆ $1.00    ┆ 1750000000000         ┆ true  │
├╌╌╌╌╌╌╌╌╌╌╌╌╌╌╌╌╌┼╌╌╌╌╌╌╌╌╌╌╌╌╌╌╌╌╌╌╌┼╌╌╌╌╌╌╌╌╌╌┼╌╌╌╌╌╌╌╌╌╌╌╌╌╌╌╌╌╌╌╌╌╌╌┼╌╌╌╌╌╌╌┤
│ acct_hidden     ┆ Hidden Account    ┆ $2.00    ┆ 1740000000000         ┆ true  │
╰─────────────────┴───────────────────┴──────────┴───────────────────────┴───────╯
